  Determining projects to restore...
  All projects are up-to-date for restore.
D:\AgentFlow\AgentFlow.Backend\Memory\IQdrantClient.cs(15,22): warning CS0618: 'ITextEmbeddingGenerationService' is obsolete: 'Use Microsoft.Extensions.AI.IEmbeddingGenerator<string, Embedding<float>> instead.' [d:\AgentFlow\AgentFlow.Backend\AgentFlow.Backend.csproj]
D:\AgentFlow\AgentFlow.Backend\Memory\IQdrantClient.cs(18,65): warning CS0618: 'ITextEmbeddingGenerationService' is obsolete: 'Use Microsoft.Extensions.AI.IEmbeddingGenerator<string, Embedding<float>> instead.' [d:\AgentFlow\AgentFlow.Backend\AgentFlow.Backend.csproj]
D:\AgentFlow\AgentFlow.Backend\Sandbox\WasmSandbox.cs(34,30): error CS0118: 'Memory' is a namespace but is used like a type [d:\AgentFlow\AgentFlow.Backend\AgentFlow.Backend.csproj]
D:\AgentFlow\AgentFlow.Backend\Program.cs(38,31): warning CS0618: 'ITextEmbeddingGenerationService' is obsolete: 'Use Microsoft.Extensions.AI.IEmbeddingGenerator<string, Embedding<float>> instead.' [d:\AgentFlow\AgentFlow.Backend\AgentFlow.Backend.csproj]
D:\AgentFlow\AgentFlow.Backend\Program.cs(39,9): error CS0246: The type or namespace name 'AzureOpenAITextEmbeddingGenerationService' could not be found (are you missing a using directive or an assembly reference?) [d:\AgentFlow\AgentFlow.Backend\AgentFlow.Backend.csproj]
D:\AgentFlow\AgentFlow.Backend\Program.cs(42,155): warning CS0618: 'ITextEmbeddingGenerationService' is obsolete: 'Use Microsoft.Extensions.AI.IEmbeddingGenerator<string, Embedding<float>> instead.' [d:\AgentFlow\AgentFlow.Backend\AgentFlow.Backend.csproj]
D:\AgentFlow\AgentFlow.Backend\Mcp\McpNodeAdapter.cs(20,16): error CS8121: An expression of type 'JsonElement' cannot be handled by a pattern of type 'IDictionary<string, object?>'. [d:\AgentFlow\AgentFlow.Backend\AgentFlow.Backend.csproj]
D:\AgentFlow\AgentFlow.Backend\Core\Security\CredentialsStore.cs(25,43): error CS7036: There is no argument given that corresponds to the required parameter 'ct' of 'IExecutionStateStore.GetAsync<T>(string, string, CancellationToken)' [d:\AgentFlow\AgentFlow.Backend\AgentFlow.Backend.csproj]
D:\AgentFlow\AgentFlow.Backend\Core\Security\CredentialsStore.cs(35,27): error CS7036: There is no argument given that corresponds to the required parameter 'ct' of 'IExecutionStateStore.SetAsync<T>(string, string, T, CancellationToken)' [d:\AgentFlow\AgentFlow.Backend\AgentFlow.Backend.csproj]
D:\AgentFlow\AgentFlow.Backend\Core\Nodes\BaseNode.cs(16,23): error CS7036: There is no argument given that corresponds to the required parameter 'secrets' of 'NodeContext.NodeContext(string, string, IReadOnlyList<ExecutionItem>, ICredentialsStore, ISecretManager, IBinaryDataStore, CancellationToken)' [d:\AgentFlow\AgentFlow.Backend\AgentFlow.Backend.csproj]
D:\AgentFlow\AgentFlow.Backend\Sandbox\WasmSandbox.cs(43,29): warning IL2026: Using member 'System.Text.Json.JsonSerializer.Serialize<TValue>(TValue, JsonSerializerOptions)' which has 'RequiresUnreferencedCodeAttribute' can break functionality when trimming application code. JSON serialization and deserialization might require types that cannot be statically analyzed. Use the overload that takes a JsonTypeInfo or JsonSerializerContext, or make sure all of the required types are preserved. [d:\AgentFlow\AgentFlow.Backend\AgentFlow.Backend.csproj]
D:\AgentFlow\AgentFlow.Backend\Sandbox\WasmSandbox.cs(43,29): warning IL3050: Using member 'System.Text.Json.JsonSerializer.Serialize<TValue>(TValue, JsonSerializerOptions)' which has 'RequiresDynamicCodeAttribute' can break functionality when AOT compiling. JSON serialization and deserialization might require types that cannot be statically analyzed and might need runtime code generation. Use System.Text.Json source generation for native AOT applications. [d:\AgentFlow\AgentFlow.Backend\AgentFlow.Backend.csproj]
D:\AgentFlow\AgentFlow.Backend\Program.cs(71,1): warning IL2026: Using member 'Microsoft.Extensions.DependencyInjection.MvcServiceCollectionExtensions.AddControllers(IServiceCollection)' which has 'RequiresUnreferencedCodeAttribute' can break functionality when trimming application code. MVC does not currently support trimming or native AOT. https://aka.ms/aspnet/trimming [d:\AgentFlow\AgentFlow.Backend\AgentFlow.Backend.csproj]
D:\AgentFlow\AgentFlow.Backend\Mcp\McpHttpClient.cs(6,101): warning IL2026: Using member 'System.Net.Http.Json.HttpClientJsonExtensions.GetFromJsonAsync<TValue>(HttpClient, String, CancellationToken)' which has 'RequiresUnreferencedCodeAttribute' can break functionality when trimming application code. JSON serialization and deserialization might require types that cannot be statically analyzed. Use the overload that takes a JsonTypeInfo or JsonSerializerContext, or make sure all of the required types are preserved. [d:\AgentFlow\AgentFlow.Backend\AgentFlow.Backend.csproj]
D:\AgentFlow\AgentFlow.Backend\Mcp\McpHttpClient.cs(6,101): warning IL3050: Using member 'System.Net.Http.Json.HttpClientJsonExtensions.GetFromJsonAsync<TValue>(HttpClient, String, CancellationToken)' which has 'RequiresDynamicCodeAttribute' can break functionality when AOT compiling. JSON serialization and deserialization might require types that cannot be statically analyzed. Use the overload that takes a JsonTypeInfo or JsonSerializerContext. [d:\AgentFlow\AgentFlow.Backend\AgentFlow.Backend.csproj]
D:\AgentFlow\AgentFlow.Backend\Mcp\McpHttpClient.cs(7,136): warning IL2026: Using member 'System.Text.Json.JsonSerializer.Serialize<TValue>(TValue, JsonSerializerOptions)' which has 'RequiresUnreferencedCodeAttribute' can break functionality when trimming application code. JSON serialization and deserialization might require types that cannot be statically analyzed. Use the overload that takes a JsonTypeInfo or JsonSerializerContext, or make sure all of the required types are preserved. [d:\AgentFlow\AgentFlow.Backend\AgentFlow.Backend.csproj]
D:\AgentFlow\AgentFlow.Backend\Mcp\McpHttpClient.cs(7,136): warning IL3050: Using member 'System.Text.Json.JsonSerializer.Serialize<TValue>(TValue, JsonSerializerOptions)' which has 'RequiresDynamicCodeAttribute' can break functionality when AOT compiling. JSON serialization and deserialization might require types that cannot be statically analyzed and might need runtime code generation. Use System.Text.Json source generation for native AOT applications. [d:\AgentFlow\AgentFlow.Backend\AgentFlow.Backend.csproj]
D:\AgentFlow\AgentFlow.Backend\Marketplace\MarketplaceRegistry.cs(9,240): warning IL2026: Using member 'System.Text.Json.JsonSerializer.Deserialize<TValue>(ReadOnlySpan<Byte>, JsonSerializerOptions)' which has 'RequiresUnreferencedCodeAttribute' can break functionality when trimming application code. JSON serialization and deserialization might require types that cannot be statically analyzed. Use the overload that takes a JsonTypeInfo or JsonSerializerContext, or make sure all of the required types are preserved. [d:\AgentFlow\AgentFlow.Backend\AgentFlow.Backend.csproj]
D:\AgentFlow\AgentFlow.Backend\Marketplace\MarketplaceRegistry.cs(9,240): warning IL3050: Using member 'System.Text.Json.JsonSerializer.Deserialize<TValue>(ReadOnlySpan<Byte>, JsonSerializerOptions)' which has 'RequiresDynamicCodeAttribute' can break functionality when AOT compiling. JSON serialization and deserialization might require types that cannot be statically analyzed and might need runtime code generation. Use System.Text.Json source generation for native AOT applications. [d:\AgentFlow\AgentFlow.Backend\AgentFlow.Backend.csproj]
D:\AgentFlow\AgentFlow.Backend\Git\GraphGitSync.cs(8,72): warning IL2026: Using member 'System.Text.Json.JsonSerializer.Serialize<TValue>(TValue, JsonSerializerOptions)' which has 'RequiresUnreferencedCodeAttribute' can break functionality when trimming application code. JSON serialization and deserialization might require types that cannot be statically analyzed. Use the overload that takes a JsonTypeInfo or JsonSerializerContext, or make sure all of the required types are preserved. [d:\AgentFlow\AgentFlow.Backend\AgentFlow.Backend.csproj]
D:\AgentFlow\AgentFlow.Backend\Git\GraphGitSync.cs(8,72): warning IL3050: Using member 'System.Text.Json.JsonSerializer.Serialize<TValue>(TValue, JsonSerializerOptions)' which has 'RequiresDynamicCodeAttribute' can break functionality when AOT compiling. JSON serialization and deserialization might require types that cannot be statically analyzed and might need runtime code generation. Use System.Text.Json source generation for native AOT applications. [d:\AgentFlow\AgentFlow.Backend\AgentFlow.Backend.csproj]
D:\AgentFlow\AgentFlow.Backend\Core\State\RedisStateStore.cs(25,20): warning IL2026: Using member 'System.Text.Json.JsonSerializer.Serialize<TValue>(TValue, JsonSerializerOptions)' which has 'RequiresUnreferencedCodeAttribute' can break functionality when trimming application code. JSON serialization and deserialization might require types that cannot be statically analyzed. Use the overload that takes a JsonTypeInfo or JsonSerializerContext, or make sure all of the required types are preserved. [d:\AgentFlow\AgentFlow.Backend\AgentFlow.Backend.csproj]
D:\AgentFlow\AgentFlow.Backend\Core\State\RedisStateStore.cs(25,20): warning IL3050: Using member 'System.Text.Json.JsonSerializer.Serialize<TValue>(TValue, JsonSerializerOptions)' which has 'RequiresDynamicCodeAttribute' can break functionality when AOT compiling. JSON serialization and deserialization might require types that cannot be statically analyzed and might need runtime code generation. Use System.Text.Json source generation for native AOT applications. [d:\AgentFlow\AgentFlow.Backend\AgentFlow.Backend.csproj]
D:\AgentFlow\AgentFlow.Backend\Core\State\RedisStateStore.cs(20,31): warning IL2026: Using member 'System.Text.Json.JsonSerializer.Deserialize<TValue>(String, JsonSerializerOptions)' which has 'RequiresUnreferencedCodeAttribute' can break functionality when trimming application code. JSON serialization and deserialization might require types that cannot be statically analyzed. Use the overload that takes a JsonTypeInfo or JsonSerializerContext, or make sure all of the required types are preserved. [d:\AgentFlow\AgentFlow.Backend\AgentFlow.Backend.csproj]
D:\AgentFlow\AgentFlow.Backend\Core\State\RedisStateStore.cs(20,31): warning IL3050: Using member 'System.Text.Json.JsonSerializer.Deserialize<TValue>(String, JsonSerializerOptions)' which has 'RequiresDynamicCodeAttribute' can break functionality when AOT compiling. JSON serialization and deserialization might require types that cannot be statically analyzed and might need runtime code generation. Use System.Text.Json source generation for native AOT applications. [d:\AgentFlow\AgentFlow.Backend\AgentFlow.Backend.csproj]
D:\AgentFlow\AgentFlow.Backend\Core\State\RedisStateStore.cs(31,20): warning IL2026: Using member 'System.Text.Json.JsonSerializer.Serialize<TValue>(TValue, JsonSerializerOptions)' which has 'RequiresUnreferencedCodeAttribute' can break functionality when trimming application code. JSON serialization and deserialization might require types that cannot be statically analyzed. Use the overload that takes a JsonTypeInfo or JsonSerializerContext, or make sure all of the required types are preserved. [d:\AgentFlow\AgentFlow.Backend\AgentFlow.Backend.csproj]
D:\AgentFlow\AgentFlow.Backend\Core\State\RedisStateStore.cs(31,20): warning IL3050: Using member 'System.Text.Json.JsonSerializer.Serialize<TValue>(TValue, JsonSerializerOptions)' which has 'RequiresDynamicCodeAttribute' can break functionality when AOT compiling. JSON serialization and deserialization might require types that cannot be statically analyzed and might need runtime code generation. Use System.Text.Json source generation for native AOT applications. [d:\AgentFlow\AgentFlow.Backend\AgentFlow.Backend.csproj]
D:\AgentFlow\AgentFlow.Backend\Core\State\RedisStateStore.cs(41,30): warning IL2026: Using member 'System.Text.Json.JsonSerializer.Deserialize<TValue>(String, JsonSerializerOptions)' which has 'RequiresUnreferencedCodeAttribute' can break functionality when trimming application code. JSON serialization and deserialization might require types that cannot be statically analyzed. Use the overload that takes a JsonTypeInfo or JsonSerializerContext, or make sure all of the required types are preserved. [d:\AgentFlow\AgentFlow.Backend\AgentFlow.Backend.csproj]
D:\AgentFlow\AgentFlow.Backend\Core\State\RedisStateStore.cs(41,30): warning IL3050: Using member 'System.Text.Json.JsonSerializer.Deserialize<TValue>(String, JsonSerializerOptions)' which has 'RequiresDynamicCodeAttribute' can break functionality when AOT compiling. JSON serialization and deserialization might require types that cannot be statically analyzed and might need runtime code generation. Use System.Text.Json source generation for native AOT applications. [d:\AgentFlow\AgentFlow.Backend\AgentFlow.Backend.csproj]
D:\AgentFlow\AgentFlow.Backend\Core\State\ExecutionSnapshotter.cs(20,21): warning IL2026: Using member 'System.Text.Json.JsonSerializer.SerializeToUtf8Bytes<TValue>(TValue, JsonSerializerOptions)' which has 'RequiresUnreferencedCodeAttribute' can break functionality when trimming application code. JSON serialization and deserialization might require types that cannot be statically analyzed. Use the overload that takes a JsonTypeInfo or JsonSerializerContext, or make sure all of the required types are preserved. [d:\AgentFlow\AgentFlow.Backend\AgentFlow.Backend.csproj]
D:\AgentFlow\AgentFlow.Backend\Core\State\ExecutionSnapshotter.cs(20,21): warning IL3050: Using member 'System.Text.Json.JsonSerializer.SerializeToUtf8Bytes<TValue>(TValue, JsonSerializerOptions)' which has 'RequiresDynamicCodeAttribute' can break functionality when AOT compiling. JSON serialization and deserialization might require types that cannot be statically analyzed and might need runtime code generation. Use System.Text.Json source generation for native AOT applications. [d:\AgentFlow\AgentFlow.Backend\AgentFlow.Backend.csproj]
D:\AgentFlow\AgentFlow.Backend\Core\Security\VaultSecretManager.cs(39,34): warning IL2026: Using member 'System.Net.Http.Json.HttpContentJsonExtensions.ReadFromJsonAsync<T>(HttpContent, CancellationToken)' which has 'RequiresUnreferencedCodeAttribute' can break functionality when trimming application code. JSON serialization and deserialization might require types that cannot be statically analyzed. Use the overload that takes a JsonTypeInfo or JsonSerializerContext, or make sure all of the required types are preserved. [d:\AgentFlow\AgentFlow.Backend\AgentFlow.Backend.csproj]
D:\AgentFlow\AgentFlow.Backend\Core\Security\VaultSecretManager.cs(39,34): warning IL3050: Using member 'System.Net.Http.Json.HttpContentJsonExtensions.ReadFromJsonAsync<T>(HttpContent, CancellationToken)' which has 'RequiresDynamicCodeAttribute' can break functionality when AOT compiling. JSON serialization and deserialization might require types that cannot be statically analyzed. Use the overload that takes a JsonTypeInfo or JsonSerializerContext. [d:\AgentFlow\AgentFlow.Backend\AgentFlow.Backend.csproj]
D:\AgentFlow\AgentFlow.Backend\Core\Security\CredentialsStore.cs(29,16): warning IL2026: Using member 'System.Text.Json.JsonSerializer.Deserialize<TValue>(String, JsonSerializerOptions)' which has 'RequiresUnreferencedCodeAttribute' can break functionality when trimming application code. JSON serialization and deserialization might require types that cannot be statically analyzed. Use the overload that takes a JsonTypeInfo or JsonSerializerContext, or make sure all of the required types are preserved. [d:\AgentFlow\AgentFlow.Backend\AgentFlow.Backend.csproj]
D:\AgentFlow\AgentFlow.Backend\Core\Security\CredentialsStore.cs(29,16): warning IL3050: Using member 'System.Text.Json.JsonSerializer.Deserialize<TValue>(String, JsonSerializerOptions)' which has 'RequiresDynamicCodeAttribute' can break functionality when AOT compiling. JSON serialization and deserialization might require types that cannot be statically analyzed and might need runtime code generation. Use System.Text.Json source generation for native AOT applications. [d:\AgentFlow\AgentFlow.Backend\AgentFlow.Backend.csproj]
D:\AgentFlow\AgentFlow.Backend\Core\Security\CredentialsStore.cs(33,20): warning IL2026: Using member 'System.Text.Json.JsonSerializer.Serialize<TValue>(TValue, JsonSerializerOptions)' which has 'RequiresUnreferencedCodeAttribute' can break functionality when trimming application code. JSON serialization and deserialization might require types that cannot be statically analyzed. Use the overload that takes a JsonTypeInfo or JsonSerializerContext, or make sure all of the required types are preserved. [d:\AgentFlow\AgentFlow.Backend\AgentFlow.Backend.csproj]
D:\AgentFlow\AgentFlow.Backend\Core\Security\CredentialsStore.cs(33,20): warning IL3050: Using member 'System.Text.Json.JsonSerializer.Serialize<TValue>(TValue, JsonSerializerOptions)' which has 'RequiresDynamicCodeAttribute' can break functionality when AOT compiling. JSON serialization and deserialization might require types that cannot be statically analyzed and might need runtime code generation. Use System.Text.Json source generation for native AOT applications. [d:\AgentFlow\AgentFlow.Backend\AgentFlow.Backend.csproj]
D:\AgentFlow\AgentFlow.Backend\Agents\PlanActVerifyNode.cs(22,28): warning IL2026: Using member 'Microsoft.SemanticKernel.KernelExtensions.InvokePromptAsync(Kernel, String, KernelArguments, String, IPromptTemplateFactory, PromptTemplateConfig, CancellationToken)' which has 'RequiresUnreferencedCodeAttribute' can break functionality when trimming application code. Uses reflection to handle various aspects of the function creation and invocation, making it incompatible with AOT scenarios. [d:\AgentFlow\AgentFlow.Backend\AgentFlow.Backend.csproj]
D:\AgentFlow\AgentFlow.Backend\Agents\PlanActVerifyNode.cs(22,28): warning IL3050: Using member 'Microsoft.SemanticKernel.KernelExtensions.InvokePromptAsync(Kernel, String, KernelArguments, String, IPromptTemplateFactory, PromptTemplateConfig, CancellationToken)' which has 'RequiresDynamicCodeAttribute' can break functionality when AOT compiling. Uses reflection to handle various aspects of the function creation and invocation, making it incompatible with AOT scenarios. [d:\AgentFlow\AgentFlow.Backend\AgentFlow.Backend.csproj]
D:\AgentFlow\AgentFlow.Backend\Core\AI\NaturalLanguageCompiler.cs(43,26): warning IL2026: Using member 'Microsoft.SemanticKernel.KernelExtensions.InvokePromptAsync(Kernel, String, KernelArguments, String, IPromptTemplateFactory, PromptTemplateConfig, CancellationToken)' which has 'RequiresUnreferencedCodeAttribute' can break functionality when trimming application code. Uses reflection to handle various aspects of the function creation and invocation, making it incompatible with AOT scenarios. [d:\AgentFlow\AgentFlow.Backend\AgentFlow.Backend.csproj]
D:\AgentFlow\AgentFlow.Backend\Core\AI\NaturalLanguageCompiler.cs(43,26): warning IL3050: Using member 'Microsoft.SemanticKernel.KernelExtensions.InvokePromptAsync(Kernel, String, KernelArguments, String, IPromptTemplateFactory, PromptTemplateConfig, CancellationToken)' which has 'RequiresDynamicCodeAttribute' can break functionality when AOT compiling. Uses reflection to handle various aspects of the function creation and invocation, making it incompatible with AOT scenarios. [d:\AgentFlow\AgentFlow.Backend\AgentFlow.Backend.csproj]
D:\AgentFlow\AgentFlow.Backend\Core\AI\NaturalLanguageCompiler.cs(50,21): warning IL2026: Using member 'System.Text.Json.JsonSerializer.Deserialize<TValue>(String, JsonSerializerOptions)' which has 'RequiresUnreferencedCodeAttribute' can break functionality when trimming application code. JSON serialization and deserialization might require types that cannot be statically analyzed. Use the overload that takes a JsonTypeInfo or JsonSerializerContext, or make sure all of the required types are preserved. [d:\AgentFlow\AgentFlow.Backend\AgentFlow.Backend.csproj]
D:\AgentFlow\AgentFlow.Backend\Core\AI\NaturalLanguageCompiler.cs(50,21): warning IL3050: Using member 'System.Text.Json.JsonSerializer.Deserialize<TValue>(String, JsonSerializerOptions)' which has 'RequiresDynamicCodeAttribute' can break functionality when AOT compiling. JSON serialization and deserialization might require types that cannot be statically analyzed and might need runtime code generation. Use System.Text.Json source generation for native AOT applications. [d:\AgentFlow\AgentFlow.Backend\AgentFlow.Backend.csproj]

Build FAILED.

D:\AgentFlow\AgentFlow.Backend\Memory\IQdrantClient.cs(15,22): warning CS0618: 'ITextEmbeddingGenerationService' is obsolete: 'Use Microsoft.Extensions.AI.IEmbeddingGenerator<string, Embedding<float>> instead.' [d:\AgentFlow\AgentFlow.Backend\AgentFlow.Backend.csproj]
D:\AgentFlow\AgentFlow.Backend\Memory\IQdrantClient.cs(18,65): warning CS0618: 'ITextEmbeddingGenerationService' is obsolete: 'Use Microsoft.Extensions.AI.IEmbeddingGenerator<string, Embedding<float>> instead.' [d:\AgentFlow\AgentFlow.Backend\AgentFlow.Backend.csproj]
D:\AgentFlow\AgentFlow.Backend\Program.cs(38,31): warning CS0618: 'ITextEmbeddingGenerationService' is obsolete: 'Use Microsoft.Extensions.AI.IEmbeddingGenerator<string, Embedding<float>> instead.' [d:\AgentFlow\AgentFlow.Backend\AgentFlow.Backend.csproj]
D:\AgentFlow\AgentFlow.Backend\Program.cs(42,155): warning CS0618: 'ITextEmbeddingGenerationService' is obsolete: 'Use Microsoft.Extensions.AI.IEmbeddingGenerator<string, Embedding<float>> instead.' [d:\AgentFlow\AgentFlow.Backend\AgentFlow.Backend.csproj]
D:\AgentFlow\AgentFlow.Backend\Sandbox\WasmSandbox.cs(43,29): warning IL2026: Using member 'System.Text.Json.JsonSerializer.Serialize<TValue>(TValue, JsonSerializerOptions)' which has 'RequiresUnreferencedCodeAttribute' can break functionality when trimming application code. JSON serialization and deserialization might require types that cannot be statically analyzed. Use the overload that takes a JsonTypeInfo or JsonSerializerContext, or make sure all of the required types are preserved. [d:\AgentFlow\AgentFlow.Backend\AgentFlow.Backend.csproj]
D:\AgentFlow\AgentFlow.Backend\Sandbox\WasmSandbox.cs(43,29): warning IL3050: Using member 'System.Text.Json.JsonSerializer.Serialize<TValue>(TValue, JsonSerializerOptions)' which has 'RequiresDynamicCodeAttribute' can break functionality when AOT compiling. JSON serialization and deserialization might require types that cannot be statically analyzed and might need runtime code generation. Use System.Text.Json source generation for native AOT applications. [d:\AgentFlow\AgentFlow.Backend\AgentFlow.Backend.csproj]
D:\AgentFlow\AgentFlow.Backend\Program.cs(71,1): warning IL2026: Using member 'Microsoft.Extensions.DependencyInjection.MvcServiceCollectionExtensions.AddControllers(IServiceCollection)' which has 'RequiresUnreferencedCodeAttribute' can break functionality when trimming application code. MVC does not currently support trimming or native AOT. https://aka.ms/aspnet/trimming [d:\AgentFlow\AgentFlow.Backend\AgentFlow.Backend.csproj]
D:\AgentFlow\AgentFlow.Backend\Mcp\McpHttpClient.cs(6,101): warning IL2026: Using member 'System.Net.Http.Json.HttpClientJsonExtensions.GetFromJsonAsync<TValue>(HttpClient, String, CancellationToken)' which has 'RequiresUnreferencedCodeAttribute' can break functionality when trimming application code. JSON serialization and deserialization might require types that cannot be statically analyzed. Use the overload that takes a JsonTypeInfo or JsonSerializerContext, or make sure all of the required types are preserved. [d:\AgentFlow\AgentFlow.Backend\AgentFlow.Backend.csproj]
D:\AgentFlow\AgentFlow.Backend\Mcp\McpHttpClient.cs(6,101): warning IL3050: Using member 'System.Net.Http.Json.HttpClientJsonExtensions.GetFromJsonAsync<TValue>(HttpClient, String, CancellationToken)' which has 'RequiresDynamicCodeAttribute' can break functionality when AOT compiling. JSON serialization and deserialization might require types that cannot be statically analyzed. Use the overload that takes a JsonTypeInfo or JsonSerializerContext. [d:\AgentFlow\AgentFlow.Backend\AgentFlow.Backend.csproj]
D:\AgentFlow\AgentFlow.Backend\Mcp\McpHttpClient.cs(7,136): warning IL2026: Using member 'System.Text.Json.JsonSerializer.Serialize<TValue>(TValue, JsonSerializerOptions)' which has 'RequiresUnreferencedCodeAttribute' can break functionality when trimming application code. JSON serialization and deserialization might require types that cannot be statically analyzed. Use the overload that takes a JsonTypeInfo or JsonSerializerContext, or make sure all of the required types are preserved. [d:\AgentFlow\AgentFlow.Backend\AgentFlow.Backend.csproj]
D:\AgentFlow\AgentFlow.Backend\Mcp\McpHttpClient.cs(7,136): warning IL3050: Using member 'System.Text.Json.JsonSerializer.Serialize<TValue>(TValue, JsonSerializerOptions)' which has 'RequiresDynamicCodeAttribute' can break functionality when AOT compiling. JSON serialization and deserialization might require types that cannot be statically analyzed and might need runtime code generation. Use System.Text.Json source generation for native AOT applications. [d:\AgentFlow\AgentFlow.Backend\AgentFlow.Backend.csproj]
D:\AgentFlow\AgentFlow.Backend\Marketplace\MarketplaceRegistry.cs(9,240): warning IL2026: Using member 'System.Text.Json.JsonSerializer.Deserialize<TValue>(ReadOnlySpan<Byte>, JsonSerializerOptions)' which has 'RequiresUnreferencedCodeAttribute' can break functionality when trimming application code. JSON serialization and deserialization might require types that cannot be statically analyzed. Use the overload that takes a JsonTypeInfo or JsonSerializerContext, or make sure all of the required types are preserved. [d:\AgentFlow\AgentFlow.Backend\AgentFlow.Backend.csproj]
D:\AgentFlow\AgentFlow.Backend\Marketplace\MarketplaceRegistry.cs(9,240): warning IL3050: Using member 'System.Text.Json.JsonSerializer.Deserialize<TValue>(ReadOnlySpan<Byte>, JsonSerializerOptions)' which has 'RequiresDynamicCodeAttribute' can break functionality when AOT compiling. JSON serialization and deserialization might require types that cannot be statically analyzed and might need runtime code generation. Use System.Text.Json source generation for native AOT applications. [d:\AgentFlow\AgentFlow.Backend\AgentFlow.Backend.csproj]
D:\AgentFlow\AgentFlow.Backend\Git\GraphGitSync.cs(8,72): warning IL2026: Using member 'System.Text.Json.JsonSerializer.Serialize<TValue>(TValue, JsonSerializerOptions)' which has 'RequiresUnreferencedCodeAttribute' can break functionality when trimming application code. JSON serialization and deserialization might require types that cannot be statically analyzed. Use the overload that takes a JsonTypeInfo or JsonSerializerContext, or make sure all of the required types are preserved. [d:\AgentFlow\AgentFlow.Backend\AgentFlow.Backend.csproj]
D:\AgentFlow\AgentFlow.Backend\Git\GraphGitSync.cs(8,72): warning IL3050: Using member 'System.Text.Json.JsonSerializer.Serialize<TValue>(TValue, JsonSerializerOptions)' which has 'RequiresDynamicCodeAttribute' can break functionality when AOT compiling. JSON serialization and deserialization might require types that cannot be statically analyzed and might need runtime code generation. Use System.Text.Json source generation for native AOT applications. [d:\AgentFlow\AgentFlow.Backend\AgentFlow.Backend.csproj]
D:\AgentFlow\AgentFlow.Backend\Core\State\RedisStateStore.cs(25,20): warning IL2026: Using member 'System.Text.Json.JsonSerializer.Serialize<TValue>(TValue, JsonSerializerOptions)' which has 'RequiresUnreferencedCodeAttribute' can break functionality when trimming application code. JSON serialization and deserialization might require types that cannot be statically analyzed. Use the overload that takes a JsonTypeInfo or JsonSerializerContext, or make sure all of the required types are preserved. [d:\AgentFlow\AgentFlow.Backend\AgentFlow.Backend.csproj]
D:\AgentFlow\AgentFlow.Backend\Core\State\RedisStateStore.cs(25,20): warning IL3050: Using member 'System.Text.Json.JsonSerializer.Serialize<TValue>(TValue, JsonSerializerOptions)' which has 'RequiresDynamicCodeAttribute' can break functionality when AOT compiling. JSON serialization and deserialization might require types that cannot be statically analyzed and might need runtime code generation. Use System.Text.Json source generation for native AOT applications. [d:\AgentFlow\AgentFlow.Backend\AgentFlow.Backend.csproj]
D:\AgentFlow\AgentFlow.Backend\Core\State\RedisStateStore.cs(20,31): warning IL2026: Using member 'System.Text.Json.JsonSerializer.Deserialize<TValue>(String, JsonSerializerOptions)' which has 'RequiresUnreferencedCodeAttribute' can break functionality when trimming application code. JSON serialization and deserialization might require types that cannot be statically analyzed. Use the overload that takes a JsonTypeInfo or JsonSerializerContext, or make sure all of the required types are preserved. [d:\AgentFlow\AgentFlow.Backend\AgentFlow.Backend.csproj]
D:\AgentFlow\AgentFlow.Backend\Core\State\RedisStateStore.cs(20,31): warning IL3050: Using member 'System.Text.Json.JsonSerializer.Deserialize<TValue>(String, JsonSerializerOptions)' which has 'RequiresDynamicCodeAttribute' can break functionality when AOT compiling. JSON serialization and deserialization might require types that cannot be statically analyzed and might need runtime code generation. Use System.Text.Json source generation for native AOT applications. [d:\AgentFlow\AgentFlow.Backend\AgentFlow.Backend.csproj]
D:\AgentFlow\AgentFlow.Backend\Core\State\RedisStateStore.cs(31,20): warning IL2026: Using member 'System.Text.Json.JsonSerializer.Serialize<TValue>(TValue, JsonSerializerOptions)' which has 'RequiresUnreferencedCodeAttribute' can break functionality when trimming application code. JSON serialization and deserialization might require types that cannot be statically analyzed. Use the overload that takes a JsonTypeInfo or JsonSerializerContext, or make sure all of the required types are preserved. [d:\AgentFlow\AgentFlow.Backend\AgentFlow.Backend.csproj]
D:\AgentFlow\AgentFlow.Backend\Core\State\RedisStateStore.cs(31,20): warning IL3050: Using member 'System.Text.Json.JsonSerializer.Serialize<TValue>(TValue, JsonSerializerOptions)' which has 'RequiresDynamicCodeAttribute' can break functionality when AOT compiling. JSON serialization and deserialization might require types that cannot be statically analyzed and might need runtime code generation. Use System.Text.Json source generation for native AOT applications. [d:\AgentFlow\AgentFlow.Backend\AgentFlow.Backend.csproj]
D:\AgentFlow\AgentFlow.Backend\Core\State\RedisStateStore.cs(41,30): warning IL2026: Using member 'System.Text.Json.JsonSerializer.Deserialize<TValue>(String, JsonSerializerOptions)' which has 'RequiresUnreferencedCodeAttribute' can break functionality when trimming application code. JSON serialization and deserialization might require types that cannot be statically analyzed. Use the overload that takes a JsonTypeInfo or JsonSerializerContext, or make sure all of the required types are preserved. [d:\AgentFlow\AgentFlow.Backend\AgentFlow.Backend.csproj]
D:\AgentFlow\AgentFlow.Backend\Core\State\RedisStateStore.cs(41,30): warning IL3050: Using member 'System.Text.Json.JsonSerializer.Deserialize<TValue>(String, JsonSerializerOptions)' which has 'RequiresDynamicCodeAttribute' can break functionality when AOT compiling. JSON serialization and deserialization might require types that cannot be statically analyzed and might need runtime code generation. Use System.Text.Json source generation for native AOT applications. [d:\AgentFlow\AgentFlow.Backend\AgentFlow.Backend.csproj]
D:\AgentFlow\AgentFlow.Backend\Core\State\ExecutionSnapshotter.cs(20,21): warning IL2026: Using member 'System.Text.Json.JsonSerializer.SerializeToUtf8Bytes<TValue>(TValue, JsonSerializerOptions)' which has 'RequiresUnreferencedCodeAttribute' can break functionality when trimming application code. JSON serialization and deserialization might require types that cannot be statically analyzed. Use the overload that takes a JsonTypeInfo or JsonSerializerContext, or make sure all of the required types are preserved. [d:\AgentFlow\AgentFlow.Backend\AgentFlow.Backend.csproj]
D:\AgentFlow\AgentFlow.Backend\Core\State\ExecutionSnapshotter.cs(20,21): warning IL3050: Using member 'System.Text.Json.JsonSerializer.SerializeToUtf8Bytes<TValue>(TValue, JsonSerializerOptions)' which has 'RequiresDynamicCodeAttribute' can break functionality when AOT compiling. JSON serialization and deserialization might require types that cannot be statically analyzed and might need runtime code generation. Use System.Text.Json source generation for native AOT applications. [d:\AgentFlow\AgentFlow.Backend\AgentFlow.Backend.csproj]
D:\AgentFlow\AgentFlow.Backend\Core\Security\VaultSecretManager.cs(39,34): warning IL2026: Using member 'System.Net.Http.Json.HttpContentJsonExtensions.ReadFromJsonAsync<T>(HttpContent, CancellationToken)' which has 'RequiresUnreferencedCodeAttribute' can break functionality when trimming application code. JSON serialization and deserialization might require types that cannot be statically analyzed. Use the overload that takes a JsonTypeInfo or JsonSerializerContext, or make sure all of the required types are preserved. [d:\AgentFlow\AgentFlow.Backend\AgentFlow.Backend.csproj]
D:\AgentFlow\AgentFlow.Backend\Core\Security\VaultSecretManager.cs(39,34): warning IL3050: Using member 'System.Net.Http.Json.HttpContentJsonExtensions.ReadFromJsonAsync<T>(HttpContent, CancellationToken)' which has 'RequiresDynamicCodeAttribute' can break functionality when AOT compiling. JSON serialization and deserialization might require types that cannot be statically analyzed. Use the overload that takes a JsonTypeInfo or JsonSerializerContext. [d:\AgentFlow\AgentFlow.Backend\AgentFlow.Backend.csproj]
D:\AgentFlow\AgentFlow.Backend\Core\Security\CredentialsStore.cs(29,16): warning IL2026: Using member 'System.Text.Json.JsonSerializer.Deserialize<TValue>(String, JsonSerializerOptions)' which has 'RequiresUnreferencedCodeAttribute' can break functionality when trimming application code. JSON serialization and deserialization might require types that cannot be statically analyzed. Use the overload that takes a JsonTypeInfo or JsonSerializerContext, or make sure all of the required types are preserved. [d:\AgentFlow\AgentFlow.Backend\AgentFlow.Backend.csproj]
D:\AgentFlow\AgentFlow.Backend\Core\Security\CredentialsStore.cs(29,16): warning IL3050: Using member 'System.Text.Json.JsonSerializer.Deserialize<TValue>(String, JsonSerializerOptions)' which has 'RequiresDynamicCodeAttribute' can break functionality when AOT compiling. JSON serialization and deserialization might require types that cannot be statically analyzed and might need runtime code generation. Use System.Text.Json source generation for native AOT applications. [d:\AgentFlow\AgentFlow.Backend\AgentFlow.Backend.csproj]
D:\AgentFlow\AgentFlow.Backend\Core\Security\CredentialsStore.cs(33,20): warning IL2026: Using member 'System.Text.Json.JsonSerializer.Serialize<TValue>(TValue, JsonSerializerOptions)' which has 'RequiresUnreferencedCodeAttribute' can break functionality when trimming application code. JSON serialization and deserialization might require types that cannot be statically analyzed. Use the overload that takes a JsonTypeInfo or JsonSerializerContext, or make sure all of the required types are preserved. [d:\AgentFlow\AgentFlow.Backend\AgentFlow.Backend.csproj]
D:\AgentFlow\AgentFlow.Backend\Core\Security\CredentialsStore.cs(33,20): warning IL3050: Using member 'System.Text.Json.JsonSerializer.Serialize<TValue>(TValue, JsonSerializerOptions)' which has 'RequiresDynamicCodeAttribute' can break functionality when AOT compiling. JSON serialization and deserialization might require types that cannot be statically analyzed and might need runtime code generation. Use System.Text.Json source generation for native AOT applications. [d:\AgentFlow\AgentFlow.Backend\AgentFlow.Backend.csproj]
D:\AgentFlow\AgentFlow.Backend\Agents\PlanActVerifyNode.cs(22,28): warning IL2026: Using member 'Microsoft.SemanticKernel.KernelExtensions.InvokePromptAsync(Kernel, String, KernelArguments, String, IPromptTemplateFactory, PromptTemplateConfig, CancellationToken)' which has 'RequiresUnreferencedCodeAttribute' can break functionality when trimming application code. Uses reflection to handle various aspects of the function creation and invocation, making it incompatible with AOT scenarios. [d:\AgentFlow\AgentFlow.Backend\AgentFlow.Backend.csproj]
D:\AgentFlow\AgentFlow.Backend\Agents\PlanActVerifyNode.cs(22,28): warning IL3050: Using member 'Microsoft.SemanticKernel.KernelExtensions.InvokePromptAsync(Kernel, String, KernelArguments, String, IPromptTemplateFactory, PromptTemplateConfig, CancellationToken)' which has 'RequiresDynamicCodeAttribute' can break functionality when AOT compiling. Uses reflection to handle various aspects of the function creation and invocation, making it incompatible with AOT scenarios. [d:\AgentFlow\AgentFlow.Backend\AgentFlow.Backend.csproj]
D:\AgentFlow\AgentFlow.Backend\Core\AI\NaturalLanguageCompiler.cs(43,26): warning IL2026: Using member 'Microsoft.SemanticKernel.KernelExtensions.InvokePromptAsync(Kernel, String, KernelArguments, String, IPromptTemplateFactory, PromptTemplateConfig, CancellationToken)' which has 'RequiresUnreferencedCodeAttribute' can break functionality when trimming application code. Uses reflection to handle various aspects of the function creation and invocation, making it incompatible with AOT scenarios. [d:\AgentFlow\AgentFlow.Backend\AgentFlow.Backend.csproj]
D:\AgentFlow\AgentFlow.Backend\Core\AI\NaturalLanguageCompiler.cs(43,26): warning IL3050: Using member 'Microsoft.SemanticKernel.KernelExtensions.InvokePromptAsync(Kernel, String, KernelArguments, String, IPromptTemplateFactory, PromptTemplateConfig, CancellationToken)' which has 'RequiresDynamicCodeAttribute' can break functionality when AOT compiling. Uses reflection to handle various aspects of the function creation and invocation, making it incompatible with AOT scenarios. [d:\AgentFlow\AgentFlow.Backend\AgentFlow.Backend.csproj]
D:\AgentFlow\AgentFlow.Backend\Core\AI\NaturalLanguageCompiler.cs(50,21): warning IL2026: Using member 'System.Text.Json.JsonSerializer.Deserialize<TValue>(String, JsonSerializerOptions)' which has 'RequiresUnreferencedCodeAttribute' can break functionality when trimming application code. JSON serialization and deserialization might require types that cannot be statically analyzed. Use the overload that takes a JsonTypeInfo or JsonSerializerContext, or make sure all of the required types are preserved. [d:\AgentFlow\AgentFlow.Backend\AgentFlow.Backend.csproj]
D:\AgentFlow\AgentFlow.Backend\Core\AI\NaturalLanguageCompiler.cs(50,21): warning IL3050: Using member 'System.Text.Json.JsonSerializer.Deserialize<TValue>(String, JsonSerializerOptions)' which has 'RequiresDynamicCodeAttribute' can break functionality when AOT compiling. JSON serialization and deserialization might require types that cannot be statically analyzed and might need runtime code generation. Use System.Text.Json source generation for native AOT applications. [d:\AgentFlow\AgentFlow.Backend\AgentFlow.Backend.csproj]
D:\AgentFlow\AgentFlow.Backend\Sandbox\WasmSandbox.cs(34,30): error CS0118: 'Memory' is a namespace but is used like a type [d:\AgentFlow\AgentFlow.Backend\AgentFlow.Backend.csproj]
D:\AgentFlow\AgentFlow.Backend\Program.cs(39,9): error CS0246: The type or namespace name 'AzureOpenAITextEmbeddingGenerationService' could not be found (are you missing a using directive or an assembly reference?) [d:\AgentFlow\AgentFlow.Backend\AgentFlow.Backend.csproj]
D:\AgentFlow\AgentFlow.Backend\Mcp\McpNodeAdapter.cs(20,16): error CS8121: An expression of type 'JsonElement' cannot be handled by a pattern of type 'IDictionary<string, object?>'. [d:\AgentFlow\AgentFlow.Backend\AgentFlow.Backend.csproj]
D:\AgentFlow\AgentFlow.Backend\Core\Security\CredentialsStore.cs(25,43): error CS7036: There is no argument given that corresponds to the required parameter 'ct' of 'IExecutionStateStore.GetAsync<T>(string, string, CancellationToken)' [d:\AgentFlow\AgentFlow.Backend\AgentFlow.Backend.csproj]
D:\AgentFlow\AgentFlow.Backend\Core\Security\CredentialsStore.cs(35,27): error CS7036: There is no argument given that corresponds to the required parameter 'ct' of 'IExecutionStateStore.SetAsync<T>(string, string, T, CancellationToken)' [d:\AgentFlow\AgentFlow.Backend\AgentFlow.Backend.csproj]
D:\AgentFlow\AgentFlow.Backend\Core\Nodes\BaseNode.cs(16,23): error CS7036: There is no argument given that corresponds to the required parameter 'secrets' of 'NodeContext.NodeContext(string, string, IReadOnlyList<ExecutionItem>, ICredentialsStore, ISecretManager, IBinaryDataStore, CancellationToken)' [d:\AgentFlow\AgentFlow.Backend\AgentFlow.Backend.csproj]
    37 Warning(s)
    6 Error(s)

Time Elapsed 00:00:06.40
